Archive member included to satisfy reference by file (symbol)

d:/stm32cubeide_1.7.0/stm32cubeide/plugins/com.st.stm32cube.ide.mcu.externaltools.gnu-tools-for-stm32.9-2020-q2-update.win32_2.0.0.202105311346/tools/bin/../lib/gcc/arm-none-eabi/9.3.1/../../../../arm-none-eabi/lib/thumb/v7-m/nofp\libc_nano.a(lib_a-errno.o)
                              ./Core/Src/syscalls.o (__errno)
d:/stm32cubeide_1.7.0/stm32cubeide/plugins/com.st.stm32cube.ide.mcu.externaltools.gnu-tools-for-stm32.9-2020-q2-update.win32_2.0.0.202105311346/tools/bin/../lib/gcc/arm-none-eabi/9.3.1/../../../../arm-none-eabi/lib/thumb/v7-m/nofp\libc_nano.a(lib_a-exit.o)
                              d:/stm32cubeide_1.7.0/stm32cubeide/plugins/com.st.stm32cube.ide.mcu.externaltools.gnu-tools-for-stm32.9-2020-q2-update.win32_2.0.0.202105311346/tools/bin/../lib/gcc/arm-none-eabi/9.3.1/../../../../arm-none-eabi/lib/thumb/v7-m/nofp/crt0.o (exit)
d:/stm32cubeide_1.7.0/stm32cubeide/plugins/com.st.stm32cube.ide.mcu.externaltools.gnu-tools-for-stm32.9-2020-q2-update.win32_2.0.0.202105311346/tools/bin/../lib/gcc/arm-none-eabi/9.3.1/../../../../arm-none-eabi/lib/thumb/v7-m/nofp\libc_nano.a(lib_a-impure.o)
                              d:/stm32cubeide_1.7.0/stm32cubeide/plugins/com.st.stm32cube.ide.mcu.externaltools.gnu-tools-for-stm32.9-2020-q2-update.win32_2.0.0.202105311346/tools/bin/../lib/gcc/arm-none-eabi/9.3.1/../../../../arm-none-eabi/lib/thumb/v7-m/nofp\libc_nano.a(lib_a-exit.o) (_global_impure_ptr)
d:/stm32cubeide_1.7.0/stm32cubeide/plugins/com.st.stm32cube.ide.mcu.externaltools.gnu-tools-for-stm32.9-2020-q2-update.win32_2.0.0.202105311346/tools/bin/../lib/gcc/arm-none-eabi/9.3.1/../../../../arm-none-eabi/lib/thumb/v7-m/nofp\libc_nano.a(lib_a-init.o)
                              d:/stm32cubeide_1.7.0/stm32cubeide/plugins/com.st.stm32cube.ide.mcu.externaltools.gnu-tools-for-stm32.9-2020-q2-update.win32_2.0.0.202105311346/tools/bin/../lib/gcc/arm-none-eabi/9.3.1/../../../../arm-none-eabi/lib/thumb/v7-m/nofp/crt0.o (__libc_init_array)
d:/stm32cubeide_1.7.0/stm32cubeide/plugins/com.st.stm32cube.ide.mcu.externaltools.gnu-tools-for-stm32.9-2020-q2-update.win32_2.0.0.202105311346/tools/bin/../lib/gcc/arm-none-eabi/9.3.1/../../../../arm-none-eabi/lib/thumb/v7-m/nofp\libc_nano.a(lib_a-memset.o)
                              d:/stm32cubeide_1.7.0/stm32cubeide/plugins/com.st.stm32cube.ide.mcu.externaltools.gnu-tools-for-stm32.9-2020-q2-update.win32_2.0.0.202105311346/tools/bin/../lib/gcc/arm-none-eabi/9.3.1/../../../../arm-none-eabi/lib/thumb/v7-m/nofp/crt0.o (memset)
d:/stm32cubeide_1.7.0/stm32cubeide/plugins/com.st.stm32cube.ide.mcu.externaltools.gnu-tools-for-stm32.9-2020-q2-update.win32_2.0.0.202105311346/tools/bin/../lib/gcc/arm-none-eabi/9.3.1/thumb/v7-m/nofp\libgcc.a(_arm_muldf3.o)
                              ./Core/Src/main.o (__aeabi_dmul)
d:/stm32cubeide_1.7.0/stm32cubeide/plugins/com.st.stm32cube.ide.mcu.externaltools.gnu-tools-for-stm32.9-2020-q2-update.win32_2.0.0.202105311346/tools/bin/../lib/gcc/arm-none-eabi/9.3.1/thumb/v7-m/nofp\libgcc.a(_arm_addsubdf3.o)
                              ./Core/Src/main.o (__aeabi_ui2d)
d:/stm32cubeide_1.7.0/stm32cubeide/plugins/com.st.stm32cube.ide.mcu.externaltools.gnu-tools-for-stm32.9-2020-q2-update.win32_2.0.0.202105311346/tools/bin/../lib/gcc/arm-none-eabi/9.3.1/thumb/v7-m/nofp\libgcc.a(_arm_muldivdf3.o)
                              ./Core/Src/main.o (__aeabi_ddiv)
d:/stm32cubeide_1.7.0/stm32cubeide/plugins/com.st.stm32cube.ide.mcu.externaltools.gnu-tools-for-stm32.9-2020-q2-update.win32_2.0.0.202105311346/tools/bin/../lib/gcc/arm-none-eabi/9.3.1/thumb/v7-m/nofp\libgcc.a(_arm_fixdfsi.o)
                              ./Core/Src/main.o (__aeabi_d2iz)

Allocating common symbols
Common symbol       size              file

uwTick              0x4               ./Drivers/STM32F1xx_HAL_Driver/Src/stm32f1xx_hal.o
pFlash              0x20              ./Drivers/STM32F1xx_HAL_Driver/Src/stm32f1xx_hal_flash.o
button_flag         0xc               ./Core/Src/input_reading.o
htim2               0x48              ./Core/Src/main.o

Discarded input sections

 .text          0x0000000000000000        0x0 d:/stm32cubeide_1.7.0/stm32cubeide/plugins/com.st.stm32cube.ide.mcu.externaltools.gnu-tools-for-stm32.9-2020-q2-update.win32_2.0.0.202105311346/tools/bin/../lib/gcc/arm-none-eabi/9.3.1/thumb/v7-m/nofp/crti.o
 .data          0x0000000000000000        0x0 d:/stm32cubeide_1.7.0/stm32cubeide/plugins/com.st.stm32cube.ide.mcu.externaltools.gnu-tools-for-stm32.9-2020-q2-update.win32_2.0.0.202105311346/tools/bin/../lib/gcc/arm-none-eabi/9.3.1/thumb/v7-m/nofp/crti.o
 .bss           0x0000000000000000        0x0 d:/stm32cubeide_1.7.0/stm32cubeide/plugins/com.st.stm32cube.ide.mcu.externaltools.gnu-tools-for-stm32.9-2020-q2-update.win32_2.0.0.202105311346/tools/bin/../lib/gcc/arm-none-eabi/9.3.1/thumb/v7-m/nofp/crti.o
[...]
Memory Configuration

Name             Origin             Length             Attributes
RAM              0x0000000020000000 0x0000000000002800 xrw
FLASH            0x0000000008000000 0x0000000000008000 xr
*default*        0x0000000000000000 0xffffffffffffffff

Linker script and memory map

LOAD d:/stm32cubeide_1.7.0/stm32cubeide/plugins/com.st.stm32cube.ide.mcu.externaltools.gnu-tools-for-stm32.9-2020-q2-update.win32_2.0.0.202105311346/tools/bin/../lib/gcc/arm-none-eabi/9.3.1/thumb/v7-m/nofp/crti.o
LOAD d:/stm32cubeide_1.7.0/stm32cubeide/plugins/com.st.stm32cube.ide.mcu.externaltools.gnu-tools-for-stm32.9-2020-q2-update.win32_2.0.0.202105311346/tools/bin/../lib/gcc/arm-none-eabi/9.3.1/thumb/v7-m/nofp/crtbegin.o
LOAD d:/stm32cubeide_1.7.0/stm32cubeide/plugins/com.st.stm32cube.ide.mcu.externaltools.gnu-tools-for-stm32.9-2020-q2-update.win32_2.0.0.202105311346/tools/bin/../lib/gcc/arm-none-eabi/9.3.1/../../../../arm-none-eabi/lib/thumb/v7-m/nofp/crt0.o
LOAD ./Core/Src/display7SEG.o
LOAD ./Core/Src/fsm_7SEG.o
LOAD ./Core/Src/fsm_automatic.o
LOAD ./Core/Src/global.o
LOAD ./Core/Src/input_processing.o
LOAD ./Core/Src/input_reading.o
LOAD ./Core/Src/main.o
LOAD ./Core/Src/mode.o
LOAD ./Core/Src/software_timer.o
LOAD ./Core/Src/stm32f1xx_hal_msp.o
LOAD ./Core/Src/stm32f1xx_it.o
LOAD ./Core/Src/syscalls.o
LOAD ./Core/Src/sysmem.o
LOAD ./Core/Src/system_stm32f1xx.o
LOAD ./Core/Src/traffic.o
LOAD ./Core/Startup/startup_stm32f103c6ux.o
LOAD ./Drivers/STM32F1xx_HAL_Driver/Src/stm32f1xx_hal.o
LOAD ./Drivers/STM32F1xx_HAL_Driver/Src/stm32f1xx_hal_cortex.o
LOAD ./Drivers/STM32F1xx_HAL_Driver/Src/stm32f1xx_hal_dma.o
LOAD ./Drivers/STM32F1xx_HAL_Driver/Src/stm32f1xx_hal_exti.o
LOAD ./Drivers/STM32F1xx_HAL_Driver/Src/stm32f1xx_hal_flash.o
LOAD ./Drivers/STM32F1xx_HAL_Driver/Src/stm32f1xx_hal_flash_ex.o
LOAD ./Drivers/STM32F1xx_HAL_Driver/Src/stm32f1xx_hal_gpio.o
LOAD ./Drivers/STM32F1xx_HAL_Driver/Src/stm32f1xx_hal_gpio_ex.o
LOAD ./Drivers/STM32F1xx_HAL_Driver/Src/stm32f1xx_hal_pwr.o
LOAD ./Drivers/STM32F1xx_HAL_Driver/Src/stm32f1xx_hal_rcc.o
LOAD ./Drivers/STM32F1xx_HAL_Driver/Src/stm32f1xx_hal_rcc_ex.o
LOAD ./Drivers/STM32F1xx_HAL_Driver/Src/stm32f1xx_hal_tim.o
LOAD ./Drivers/STM32F1xx_HAL_Driver/Src/stm32f1xx_hal_tim_ex.o
START GROUP
LOAD d:/stm32cubeide_1.7.0/stm32cubeide/plugins/com.st.stm32cube.ide.mcu.externaltools.gnu-tools-for-stm32.9-2020-q2-update.win32_2.0.0.202105311346/tools/bin/../lib/gcc/arm-none-eabi/9.3.1/../../../../arm-none-eabi/lib/thumb/v7-m/nofp\libc_nano.a
LOAD d:/stm32cubeide_1.7.0/stm32cubeide/plugins/com.st.stm32cube.ide.mcu.externaltools.gnu-tools-for-stm32.9-2020-q2-update.win32_2.0.0.202105311346/tools/bin/../lib/gcc/arm-none-eabi/9.3.1/../../../../arm-none-eabi/lib/thumb/v7-m/nofp\libm.a
END GROUP
START GROUP
LOAD d:/stm32cubeide_1.7.0/stm32cubeide/plugins/com.st.stm32cube.ide.mcu.externaltools.gnu-tools-for-stm32.9-2020-q2-update.win32_2.0.0.202105311346/tools/bin/../lib/gcc/arm-none-eabi/9.3.1/thumb/v7-m/nofp\libgcc.a
LOAD d:/stm32cubeide_1.7.0/stm32cubeide/plugins/com.st.stm32cube.ide.mcu.externaltools.gnu-tools-for-stm32.9-2020-q2-update.win32_2.0.0.202105311346/tools/bin/../lib/gcc/arm-none-eabi/9.3.1/../../../../arm-none-eabi/lib/thumb/v7-m/nofp\libc_nano.a
END GROUP
START GROUP
LOAD d:/stm32cubeide_1.7.0/stm32cubeide/plugins/com.st.stm32cube.ide.mcu.externaltools.gnu-tools-for-stm32.9-2020-q2-update.win32_2.0.0.202105311346/tools/bin/../lib/gcc/arm-none-eabi/9.3.1/thumb/v7-m/nofp\libgcc.a
LOAD d:/stm32cubeide_1.7.0/stm32cubeide/plugins/com.st.stm32cube.ide.mcu.externaltools.gnu-tools-for-stm32.9-2020-q2-update.win32_2.0.0.202105311346/tools/bin/../lib/gcc/arm-none-eabi/9.3.1/../../../../arm-none-eabi/lib/thumb/v7-m/nofp\libc_nano.a
LOAD d:/stm32cubeide_1.7.0/stm32cubeide/plugins/com.st.stm32cube.ide.mcu.externaltools.gnu-tools-for-stm32.9-2020-q2-update.win32_2.0.0.202105311346/tools/bin/../lib/gcc/arm-none-eabi/9.3.1/../../../../arm-none-eabi/lib/thumb/v7-m/nofp\libnosys.a
END GROUP
START GROUP
LOAD d:/stm32cubeide_1.7.0/stm32cubeide/plugins/com.st.stm32cube.ide.mcu.externaltools.gnu-tools-for-stm32.9-2020-q2-update.win32_2.0.0.202105311346/tools/bin/../lib/gcc/arm-none-eabi/9.3.1/thumb/v7-m/nofp\libgcc.a
LOAD d:/stm32cubeide_1.7.0/stm32cubeide/plugins/com.st.stm32cube.ide.mcu.externaltools.gnu-tools-for-stm32.9-2020-q2-update.win32_2.0.0.202105311346/tools/bin/../lib/gcc/arm-none-eabi/9.3.1/../../../../arm-none-eabi/lib/thumb/v7-m/nofp\libc_nano.a
LOAD d:/stm32cubeide_1.7.0/stm32cubeide/plugins/com.st.stm32cube.ide.mcu.externaltools.gnu-tools-for-stm32.9-2020-q2-update.win32_2.0.0.202105311346/tools/bin/../lib/gcc/arm-none-eabi/9.3.1/../../../../arm-none-eabi/lib/thumb/v7-m/nofp\libnosys.a
END GROUP
LOAD d:/stm32cubeide_1.7.0/stm32cubeide/plugins/com.st.stm32cube.ide.mcu.externaltools.gnu-tools-for-stm32.9-2020-q2-update.win32_2.0.0.202105311346/tools/bin/../lib/gcc/arm-none-eabi/9.3.1/thumb/v7-m/nofp/crtend.o
LOAD d:/stm32cubeide_1.7.0/stm32cubeide/plugins/com.st.stm32cube.ide.mcu.externaltools.gnu-tools-for-stm32.9-2020-q2-update.win32_2.0.0.202105311346/tools/bin/../lib/gcc/arm-none-eabi/9.3.1/thumb/v7-m/nofp/crtn.o
                0x0000000020002800                _estack = (ORIGIN (RAM) + LENGTH (RAM))
                0x0000000000000200                _Min_Heap_Size = 0x200
                0x0000000000000400                _Min_Stack_Size = 0x400

.isr_vector     0x0000000008000000      0x10c
                0x0000000008000000                . = ALIGN (0x4)
 *(.isr_vector)
 .isr_vector    0x0000000008000000      0x10c ./Core/Startup/startup_stm32f103c6ux.o
                0x0000000008000000                g_pfnVectors
                0x000000000800010c                . = ALIGN (0x4)

.text           0x0000000008000110     0x308c
                0x0000000008000110                . = ALIGN (0x4)
 *(.text)
 .text          0x0000000008000110       0x40 d:/stm32cubeide_1.7.0/stm32cubeide/plugins/com.st.stm32cube.ide.mcu.externaltools.gnu-tools-for-stm32.9-2020-q2-update.win32_2.0.0.202105311346/tools/bin/../lib/gcc/arm-none-eabi/9.3.1/thumb/v7-m/nofp/crtbegin.o
 .text          0x0000000008000150      0x378 d:/stm32cubeide_1.7.0/stm32cubeide/plugins/com.st.stm32cube.ide.mcu.externaltools.gnu-tools-for-stm32.9-2020-q2-update.win32_2.0.0.202105311346/tools/bin/../lib/gcc/arm-none-eabi/9.3.1/thumb/v7-m/nofp\libgcc.a(_arm_addsubdf3.o)
                0x0000000008000150                __aeabi_drsub
                0x0000000008000158                __aeabi_dsub
                0x0000000008000158                __subdf3
                0x000000000800015c                __aeabi_dadd
                0x000000000800015c                __adddf3
                0x00000000080003d4                __floatunsidf
                0x00000000080003d4                __aeabi_ui2d
                0x00000000080003f4                __floatsidf
                0x00000000080003f4                __aeabi_i2d
                0x0000000008000418                __aeabi_f2d
                0x0000000008000418                __extendsfdf2
                0x000000000800045c                __floatundidf
                0x000000000800045c                __aeabi_ul2d
                0x000000000800046c                __floatdidf
                0x000000000800046c                __aeabi_l2d
 .text          0x00000000080004c8      0x424 d:/stm32cubeide_1.7.0/stm32cubeide/plugins/com.st.stm32cube.ide.mcu.externaltools.gnu-tools-for-stm32.9-2020-q2-update.win32_2.0.0.202105311346/tools/bin/../lib/gcc/arm-none-eabi/9.3.1/thumb/v7-m/nofp\libgcc.a(_arm_muldivdf3.o)
                0x00000000080004c8                __aeabi_dmul
                0x00000000080004c8                __muldf3
                0x000000000800071c                __divdf3
                0x000000000800071c                __aeabi_ddiv
 .text          0x00000000080008ec       0x50 d:/stm32cubeide_1.7.0/stm32cubeide/plugins/com.st.stm32cube.ide.mcu.externaltools.gnu-tools-for-stm32.9-2020-q2-update.win32_2.0.0.202105311346/tools/bin/../lib/gcc/arm-none-eabi/9.3.1/thumb/v7-m/nofp\libgcc.a(_arm_fixdfsi.o)
                0x00000000080008ec                __aeabi_d2iz
                0x00000000080008ec                __fixdfsi
 *(.text*)
 .text.display7SEG
                0x000000000800093c       0xb8 ./Core/Src/display7SEG.o
                0x000000000800093c                display7SEG
 .text.displayAll7SEG
                0x00000000080009f4       0xf0 ./Core/Src/display7SEG.o
                0x00000000080009f4                displayAll7SEG
 .text.fsm_7SEG
                0x0000000008000ae4       0x80 ./Core/Src/fsm_7SEG.o
                0x0000000008000ae4                fsm_7SEG
 .text.fsm_automatic_run1
                0x0000000008000b64      0x214 ./Core/Src/fsm_automatic.o
                0x0000000008000b64                fsm_automatic_run1
 .text.check_button_flag
                0x0000000008000d78       0x34 ./Core/Src/input_reading.o
                0x0000000008000d78                check_button_flag
 .text.button_reading
                0x0000000008000dac      0x150 ./Core/Src/input_reading.o
                0x0000000008000dac                button_reading
 .text.is_button_pressed_1s
                0x0000000008000efc       0x34 ./Core/Src/input_reading.o
                0x0000000008000efc                is_button_pressed_1s
 .text.main     0x0000000008000f30       0x5c ./Core/Src/main.o
                0x0000000008000f30                main
 .text.SystemClock_Config
                0x0000000008000f8c       0x76 ./Core/Src/main.o
                0x0000000008000f8c                SystemClock_Config
 *fill*         0x0000000008001002        0x6 
 .text.MX_TIM2_Init
                0x0000000008001008      0x118 ./Core/Src/main.o
 .text.MX_GPIO_Init
                0x0000000008001120       0xc8 ./Core/Src/main.o
 .text.HAL_TIM_PeriodElapsedCallback
                0x00000000080011e8       0x18 ./Core/Src/main.o
                0x00000000080011e8                HAL_TIM_PeriodElapsedCallback
 .text.Error_Handler
                0x0000000008001200        0xa ./Core/Src/main.o
                0x0000000008001200                Error_Handler
 *fill*         0x000000000800120a        0x2 
 .text.fsm_mode
                0x000000000800120c      0x494 ./Core/Src/mode.o
                0x000000000800120c                fsm_mode
 .text.setTimer0
                0x00000000080016a0       0x34 ./Core/Src/software_timer.o
                0x00000000080016a0                setTimer0
 .text.setTimer1
                0x00000000080016d4       0x34 ./Core/Src/software_timer.o
                0x00000000080016d4                setTimer1
 .text.setTimer2
                0x0000000008001708       0x34 ./Core/Src/software_timer.o
                0x0000000008001708                setTimer2
 .text.setTimer3
                0x000000000800173c       0x34 ./Core/Src/software_timer.o
                0x000000000800173c                setTimer3
 .text.runTimer
                0x0000000008001770       0xac ./Core/Src/software_timer.o
                0x0000000008001770                runTimer
 .text.HAL_MspInit
                0x000000000800181c       0x64 ./Core/Src/stm32f1xx_hal_msp.o
                0x000000000800181c                HAL_MspInit
 .text.HAL_TIM_Base_MspInit
                0x0000000008001880       0x48 ./Core/Src/stm32f1xx_hal_msp.o
                0x0000000008001880                HAL_TIM_Base_MspInit
 .text.NMI_Handler
                0x00000000080018c8        0x6 ./Core/Src/stm32f1xx_it.o
                0x00000000080018c8                NMI_Handler
 .text.HardFault_Handler
                0x00000000080018ce        0x6 ./Core/Src/stm32f1xx_it.o
                0x00000000080018ce                HardFault_Handler
 .text.MemManage_Handler
                0x00000000080018d4        0x6 ./Core/Src/stm32f1xx_it.o
                0x00000000080018d4                MemManage_Handler
 .text.BusFault_Handler
                0x00000000080018da        0x6 ./Core/Src/stm32f1xx_it.o
                0x00000000080018da                BusFault_Handler
 .text.UsageFault_Handler
                0x00000000080018e0        0x6 ./Core/Src/stm32f1xx_it.o
                0x00000000080018e0                UsageFault_Handler
 .text.SVC_Handler
                0x00000000080018e6        0xc ./Core/Src/stm32f1xx_it.o
                0x00000000080018e6                SVC_Handler
 .text.DebugMon_Handler
                0x00000000080018f2        0xc ./Core/Src/stm32f1xx_it.o
                0x00000000080018f2                DebugMon_Handler
 .text.PendSV_Handler
                0x00000000080018fe        0xc ./Core/Src/stm32f1xx_it.o
                0x00000000080018fe                PendSV_Handler
 .text.SysTick_Handler
                0x000000000800190a        0xc ./Core/Src/stm32f1xx_it.o
                0x000000000800190a                SysTick_Handler
 *fill*         0x0000000008001916        0x2 
 .text.TIM2_IRQHandler
                0x0000000008001918       0x14 ./Core/Src/stm32f1xx_it.o
                0x0000000008001918                TIM2_IRQHandler
 .text.SystemInit
                0x000000000800192c        0xc ./Core/Src/system_stm32f1xx.o
                0x000000000800192c                SystemInit
 .text.traffic1
                0x0000000008001938       0x90 ./Core/Src/traffic.o
                0x0000000008001938                traffic1
 .text.traffic2
                0x00000000080019c8       0x90 ./Core/Src/traffic.o
                0x00000000080019c8                traffic2
 .text.blinkLed1
                0x0000000008001a58       0x8c ./Core/Src/traffic.o
                0x0000000008001a58                blinkLed1
 .text.Reset_Handler
                0x0000000008001ae4       0x48 ./Core/Startup/startup_stm32f103c6ux.o
                0x0000000008001ae4                Reset_Handler
 .text.Default_Handler
                0x0000000008001b2c        0x2 ./Core/Startup/startup_stm32f103c6ux.o
                0x0000000008001b2c                RTC_Alarm_IRQHandler
                0x0000000008001b2c                EXTI2_IRQHandler
                0x0000000008001b2c                TIM1_CC_IRQHandler
                0x0000000008001b2c                PVD_IRQHandler
                0x0000000008001b2c                EXTI3_IRQHandler
                0x0000000008001b2c                EXTI0_IRQHandler
                0x0000000008001b2c                ADC1_2_IRQHandler
                0x0000000008001b2c                SPI1_IRQHandler
                0x0000000008001b2c                TAMPER_IRQHandler
                0x0000000008001b2c                DMA1_Channel4_IRQHandler
                0x0000000008001b2c                RTC_IRQHandler
                0x0000000008001b2c                DMA1_Channel7_IRQHandler
                0x0000000008001b2c                CAN1_RX1_IRQHandler
                0x0000000008001b2c                I2C1_EV_IRQHandler
                0x0000000008001b2c                DMA1_Channel6_IRQHandler
                0x0000000008001b2c                TIM3_IRQHandler
                0x0000000008001b2c                RCC_IRQHandler
                0x0000000008001b2c                TIM1_TRG_COM_IRQHandler
                0x0000000008001b2c                DMA1_Channel1_IRQHandler
                0x0000000008001b2c                Default_Handler
                0x0000000008001b2c                EXTI15_10_IRQHandler
                0x0000000008001b2c                EXTI9_5_IRQHandler
                0x0000000008001b2c                DMA1_Channel5_IRQHandler
                0x0000000008001b2c                EXTI4_IRQHandler
                0x0000000008001b2c                USB_LP_CAN1_RX0_IRQHandler
                0x0000000008001b2c                USB_HP_CAN1_TX_IRQHandler
                0x0000000008001b2c                DMA1_Channel3_IRQHandler
                0x0000000008001b2c                TIM1_UP_IRQHandler
                0x0000000008001b2c                WWDG_IRQHandler
                0x0000000008001b2c                TIM1_BRK_IRQHandler
                0x0000000008001b2c                EXTI1_IRQHandler
                0x0000000008001b2c                USART2_IRQHandler
                0x0000000008001b2c                DMA1_Channel2_IRQHandler
                0x0000000008001b2c                CAN1_SCE_IRQHandler
                0x0000000008001b2c                FLASH_IRQHandler
                0x0000000008001b2c                USART1_IRQHandler
                0x0000000008001b2c                I2C1_ER_IRQHandler
                0x0000000008001b2c                USBWakeUp_IRQHandler
 *fill*         0x0000000008001b2e        0x2 
 .text.HAL_Init
                0x0000000008001b30       0x2c ./Drivers/STM32F1xx_HAL_Driver/Src/stm32f1xx_hal.o
                0x0000000008001b30                HAL_Init
 .text.HAL_InitTick
                0x0000000008001b5c       0x60 ./Drivers/STM32F1xx_HAL_Driver/Src/stm32f1xx_hal.o
                0x0000000008001b5c                HAL_InitTick
 .text.HAL_IncTick
                0x0000000008001bbc       0x24 ./Drivers/STM32F1xx_HAL_Driver/Src/stm32f1xx_hal.o
                0x0000000008001bbc                HAL_IncTick
 .text.HAL_GetTick
                0x0000000008001be0       0x14 ./Drivers/STM32F1xx_HAL_Driver/Src/stm32f1xx_hal.o
                0x0000000008001be0                HAL_GetTick
 .text.__NVIC_SetPriorityGrouping
                0x0000000008001bf4       0x48 ./Drivers/STM32F1xx_HAL_Driver/Src/stm32f1xx_hal_cortex.o
 .text.__NVIC_GetPriorityGrouping
                0x0000000008001c3c       0x1c ./Drivers/STM32F1xx_HAL_Driver/Src/stm32f1xx_hal_cortex.o
 .text.__NVIC_EnableIRQ
                0x0000000008001c58       0x38 ./Drivers/STM32F1xx_HAL_Driver/Src/stm32f1xx_hal_cortex.o
 .text.__NVIC_SetPriority
                0x0000000008001c90       0x54 ./Drivers/STM32F1xx_HAL_Driver/Src/stm32f1xx_hal_cortex.o
 .text.NVIC_EncodePriority
                0x0000000008001ce4       0x64 ./Drivers/STM32F1xx_HAL_Driver/Src/stm32f1xx_hal_cortex.o
 .text.SysTick_Config
                0x0000000008001d48       0x44 ./Drivers/STM32F1xx_HAL_Driver/Src/stm32f1xx_hal_cortex.o
 .text.HAL_NVIC_SetPriorityGrouping
                0x0000000008001d8c       0x16 ./Drivers/STM32F1xx_HAL_Driver/Src/stm32f1xx_hal_cortex.o
                0x0000000008001d8c                HAL_NVIC_SetPriorityGrouping
 .text.HAL_NVIC_SetPriority
                0x0000000008001da2       0x38 ./Drivers/STM32F1xx_HAL_Driver/Src/stm32f1xx_hal_cortex.o
                0x0000000008001da2                HAL_NVIC_SetPriority
 .text.HAL_NVIC_EnableIRQ
                0x0000000008001dda       0x1c ./Drivers/STM32F1xx_HAL_Driver/Src/stm32f1xx_hal_cortex.o
                0x0000000008001dda                HAL_NVIC_EnableIRQ
 .text.HAL_SYSTICK_Config
                0x0000000008001df6       0x18 ./Drivers/STM32F1xx_HAL_Driver/Src/stm32f1xx_hal_cortex.o
                0x0000000008001df6                HAL_SYSTICK_Config
 *fill*         0x0000000008001e0e        0x2 
 .text.HAL_GPIO_Init
                0x0000000008001e10      0x2f4 ./Drivers/STM32F1xx_HAL_Driver/Src/stm32f1xx_hal_gpio.o
                0x0000000008001e10                HAL_GPIO_Init
 .text.HAL_GPIO_ReadPin
                0x0000000008002104       0x2e ./Drivers/STM32F1xx_HAL_Driver/Src/stm32f1xx_hal_gpio.o
                0x0000000008002104                HAL_GPIO_ReadPin
 .text.HAL_GPIO_WritePin
                0x0000000008002132       0x30 ./Drivers/STM32F1xx_HAL_Driver/Src/stm32f1xx_hal_gpio.o
                0x0000000008002132                HAL_GPIO_WritePin
 .text.HAL_GPIO_TogglePin
                0x0000000008002162       0x32 ./Drivers/STM32F1xx_HAL_Driver/Src/stm32f1xx_hal_gpio.o
                0x0000000008002162                HAL_GPIO_TogglePin
 .text.HAL_RCC_OscConfig
                0x0000000008002194      0x500 ./Drivers/STM32F1xx_HAL_Driver/Src/stm32f1xx_hal_rcc.o
                0x0000000008002194                HAL_RCC_OscConfig
 .text.HAL_RCC_ClockConfig
                0x0000000008002694      0x1d4 ./Drivers/STM32F1xx_HAL_Driver/Src/stm32f1xx_hal_rcc.o
                0x0000000008002694                HAL_RCC_ClockConfig
 .text.HAL_RCC_GetSysClockFreq
                0x0000000008002868       0xc0 ./Drivers/STM32F1xx_HAL_Driver/Src/stm32f1xx_hal_rcc.o
                0x0000000008002868                HAL_RCC_GetSysClockFreq
 .text.RCC_Delay
                0x0000000008002928       0x3c ./Drivers/STM32F1xx_HAL_Driver/Src/stm32f1xx_hal_rcc.o
 .text.HAL_TIM_Base_Init
                0x0000000008002964       0x9e ./Drivers/STM32F1xx_HAL_Driver/Src/stm32f1xx_hal_tim.o
                0x0000000008002964                HAL_TIM_Base_Init
 *fill*         0x0000000008002a02        0x2 
 .text.HAL_TIM_Base_Start_IT
                0x0000000008002a04       0x98 ./Drivers/STM32F1xx_HAL_Driver/Src/stm32f1xx_hal_tim.o
                0x0000000008002a04                HAL_TIM_Base_Start_IT
 .text.HAL_TIM_IRQHandler
                0x0000000008002a9c      0x210 ./Drivers/STM32F1xx_HAL_Driver/Src/stm32f1xx_hal_tim.o
                0x0000000008002a9c                HAL_TIM_IRQHandler
 .text.HAL_TIM_ConfigClockSource
                0x0000000008002cac      0x188 ./Drivers/STM32F1xx_HAL_Driver/Src/stm32f1xx_hal_tim.o
                0x0000000008002cac                HAL_TIM_ConfigClockSource
 .text.HAL_TIM_OC_DelayElapsedCallback
                0x0000000008002e34       0x12 ./Drivers/STM32F1xx_HAL_Driver/Src/stm32f1xx_hal_tim.o
                0x0000000008002e34                HAL_TIM_OC_DelayElapsedCallback
 .text.HAL_TIM_IC_CaptureCallback
                0x0000000008002e46       0x12 ./Drivers/STM32F1xx_HAL_Driver/Src/stm32f1xx_hal_tim.o
                0x0000000008002e46                HAL_TIM_IC_CaptureCallback
 .text.HAL_TIM_PWM_PulseFinishedCallback
                0x0000000008002e58       0x12 ./Drivers/STM32F1xx_HAL_Driver/Src/stm32f1xx_hal_tim.o
                0x0000000008002e58                HAL_TIM_PWM_PulseFinishedCallback
 .text.HAL_TIM_TriggerCallback
                0x0000000008002e6a       0x12 ./Drivers/STM32F1xx_HAL_Driver/Src/stm32f1xx_hal_tim.o
                0x0000000008002e6a                HAL_TIM_TriggerCallback
 .text.TIM_Base_SetConfig
                0x0000000008002e7c       0xb0 ./Drivers/STM32F1xx_HAL_Driver/Src/stm32f1xx_hal_tim.o
                0x0000000008002e7c                TIM_Base_SetConfig
 .text.TIM_TI1_ConfigInputStage
                0x0000000008002f2c       0x5c ./Drivers/STM32F1xx_HAL_Driver/Src/stm32f1xx_hal_tim.o
 .text.TIM_TI2_ConfigInputStage
                0x0000000008002f88       0x5e ./Drivers/STM32F1xx_HAL_Driver/Src/stm32f1xx_hal_tim.o
 .text.TIM_ITRx_SetConfig
                0x0000000008002fe6       0x34 ./Drivers/STM32F1xx_HAL_Driver/Src/stm32f1xx_hal_tim.o
 .text.TIM_ETR_SetConfig
                0x000000000800301a       0x3e ./Drivers/STM32F1xx_HAL_Driver/Src/stm32f1xx_hal_tim.o
                0x000000000800301a                TIM_ETR_SetConfig
 .text.HAL_TIMEx_MasterConfigSynchronization
                0x0000000008003058       0xb0 ./Drivers/STM32F1xx_HAL_Driver/Src/stm32f1xx_hal_tim_ex.o
                0x0000000008003058                HAL_TIMEx_MasterConfigSynchronization
 .text.HAL_TIMEx_CommutCallback
                0x0000000008003108       0x12 ./Drivers/STM32F1xx_HAL_Driver/Src/stm32f1xx_hal_tim_ex.o
                0x0000000008003108                HAL_TIMEx_CommutCallback
 .text.HAL_TIMEx_BreakCallback
                0x000000000800311a       0x12 ./Drivers/STM32F1xx_HAL_Driver/Src/stm32f1xx_hal_tim_ex.o
                0x000000000800311a                HAL_TIMEx_BreakCallback
 .text.__libc_init_array
                0x000000000800312c       0x48 d:/stm32cubeide_1.7.0/stm32cubeide/plugins/com.st.stm32cube.ide.mcu.externaltools.gnu-tools-for-stm32.9-2020-q2-update.win32_2.0.0.202105311346/tools/bin/../lib/gcc/arm-none-eabi/9.3.1/../../../../arm-none-eabi/lib/thumb/v7-m/nofp\libc_nano.a(lib_a-init.o)
                0x000000000800312c                __libc_init_array
 .text.memset   0x0000000008003174       0x10 d:/stm32cubeide_1.7.0/stm32cubeide/plugins/com.st.stm32cube.ide.mcu.externaltools.gnu-tools-for-stm32.9-2020-q2-update.win32_2.0.0.202105311346/tools/bin/../lib/gcc/arm-none-eabi/9.3.1/../../../../arm-none-eabi/lib/thumb/v7-m/nofp\libc_nano.a(lib_a-memset.o)
                0x0000000008003174                memset
 *(.glue_7)
 .glue_7        0x0000000008003184        0x0 linker stubs
 *(.glue_7t)
 .glue_7t       0x0000000008003184        0x0 linker stubs
 *(.eh_frame)
 .eh_frame      0x0000000008003184        0x0 d:/stm32cubeide_1.7.0/stm32cubeide/plugins/com.st.stm32cube.ide.mcu.externaltools.gnu-tools-for-stm32.9-2020-q2-update.win32_2.0.0.202105311346/tools/bin/../lib/gcc/arm-none-eabi/9.3.1/thumb/v7-m/nofp/crtbegin.o
 *(.init)
 .init          0x0000000008003184        0x4 d:/stm32cubeide_1.7.0/stm32cubeide/plugins/com.st.stm32cube.ide.mcu.externaltools.gnu-tools-for-stm32.9-2020-q2-update.win32_2.0.0.202105311346/tools/bin/../lib/gcc/arm-none-eabi/9.3.1/thumb/v7-m/nofp/crti.o
                0x0000000008003184                _init
 .init          0x0000000008003188        0x8 d:/stm32cubeide_1.7.0/stm32cubeide/plugins/com.st.stm32cube.ide.mcu.externaltools.gnu-tools-for-stm32.9-2020-q2-update.win32_2.0.0.202105311346/tools/bin/../lib/gcc/arm-none-eabi/9.3.1/thumb/v7-m/nofp/crtn.o
 *(.fini)
 .fini          0x0000000008003190        0x4 d:/stm32cubeide_1.7.0/stm32cubeide/plugins/com.st.stm32cube.ide.mcu.externaltools.gnu-tools-for-stm32.9-2020-q2-update.win32_2.0.0.202105311346/tools/bin/../lib/gcc/arm-none-eabi/9.3.1/thumb/v7-m/nofp/crti.o
                0x0000000008003190                _fini
 .fini          0x0000000008003194        0x8 d:/stm32cubeide_1.7.0/stm32cubeide/plugins/com.st.stm32cube.ide.mcu.externaltools.gnu-tools-for-stm32.9-2020-q2-update.win32_2.0.0.202105311346/tools/bin/../lib/gcc/arm-none-eabi/9.3.1/thumb/v7-m/nofp/crtn.o
                0x000000000800319c                . = ALIGN (0x4)
                0x000000000800319c                _etext = .

.vfp11_veneer   0x000000000800319c        0x0
 .vfp11_veneer  0x000000000800319c        0x0 linker stubs

.v4_bx          0x000000000800319c        0x0
 .v4_bx         0x000000000800319c        0x0 linker stubs

.iplt           0x000000000800319c        0x0
 .iplt          0x000000000800319c        0x0 d:/stm32cubeide_1.7.0/stm32cubeide/plugins/com.st.stm32cube.ide.mcu.externaltools.gnu-tools-for-stm32.9-2020-q2-update.win32_2.0.0.202105311346/tools/bin/../lib/gcc/arm-none-eabi/9.3.1/thumb/v7-m/nofp/crtbegin.o

.rodata         0x000000000800319c       0x20
                0x000000000800319c                . = ALIGN (0x4)
 *(.rodata)
 .rodata        0x000000000800319c       0x10 ./Drivers/STM32F1xx_HAL_Driver/Src/stm32f1xx_hal_rcc.o
 *(.rodata*)
 .rodata.AHBPrescTable
                0x00000000080031ac       0x10 ./Core/Src/system_stm32f1xx.o
                0x00000000080031ac                AHBPrescTable
                0x00000000080031bc                . = ALIGN (0x4)

.rel.dyn        0x00000000080031bc        0x0
 .rel.iplt      0x00000000080031bc        0x0 d:/stm32cubeide_1.7.0/stm32cubeide/plugins/com.st.stm32cube.ide.mcu.externaltools.gnu-tools-for-stm32.9-2020-q2-update.win32_2.0.0.202105311346/tools/bin/../lib/gcc/arm-none-eabi/9.3.1/thumb/v7-m/nofp/crtbegin.o

.ARM.extab      0x00000000080031bc        0x0
                0x00000000080031bc                . = ALIGN (0x4)
 *(.ARM.extab* .gnu.linkonce.armextab.*)
                0x00000000080031bc                . = ALIGN (0x4)

.ARM            0x00000000080031bc        0x0
                0x00000000080031bc                . = ALIGN (0x4)
                0x00000000080031bc                __exidx_start = .
 *(.ARM.exidx*)
                0x00000000080031bc                __exidx_end = .
                0x00000000080031bc                . = ALIGN (0x4)

.preinit_array  0x00000000080031bc        0x0
                0x00000000080031bc                . = ALIGN (0x4)
                0x00000000080031bc                PROVIDE (__preinit_array_start = .)
 *(.preinit_array*)
                0x00000000080031bc                PROVIDE (__preinit_array_end = .)
                0x00000000080031bc                . = ALIGN (0x4)

.init_array     0x00000000080031bc        0x4
                0x00000000080031bc                . = ALIGN (0x4)
                0x00000000080031bc                PROVIDE (__init_array_start = .)
 *(SORT_BY_NAME(.init_array.*))
 *(.init_array*)
 .init_array    0x00000000080031bc        0x4 d:/stm32cubeide_1.7.0/stm32cubeide/plugins/com.st.stm32cube.ide.mcu.externaltools.gnu-tools-for-stm32.9-2020-q2-update.win32_2.0.0.202105311346/tools/bin/../lib/gcc/arm-none-eabi/9.3.1/thumb/v7-m/nofp/crtbegin.o
                0x00000000080031c0                PROVIDE (__init_array_end = .)
                0x00000000080031c0                . = ALIGN (0x4)

.fini_array     0x00000000080031c0        0x4
                0x00000000080031c0                . = ALIGN (0x4)
                [!provide]                        PROVIDE (__fini_array_start = .)
 *(SORT_BY_NAME(.fini_array.*))
 *(.fini_array*)
 .fini_array    0x00000000080031c0        0x4 d:/stm32cubeide_1.7.0/stm32cubeide/plugins/com.st.stm32cube.ide.mcu.externaltools.gnu-tools-for-stm32.9-2020-q2-update.win32_2.0.0.202105311346/tools/bin/../lib/gcc/arm-none-eabi/9.3.1/thumb/v7-m/nofp/crtbegin.o
                [!provide]                        PROVIDE (__fini_array_end = .)
                0x00000000080031c4                . = ALIGN (0x4)
                0x00000000080031c4                _sidata = LOADADDR (.data)

.data           0x0000000020000000       0x34 load address 0x00000000080031c4
                0x0000000020000000                . = ALIGN (0x4)
                0x0000000020000000                _sdata = .
 *(.data)
 *(.data*)
 .data.state7SEG
                0x0000000020000000        0x4 ./Core/Src/display7SEG.o
                0x0000000020000000                state7SEG
 .data.status   0x0000000020000004        0x4 ./Core/Src/global.o
                0x0000000020000004                status
 .data.mode     0x0000000020000008        0x4 ./Core/Src/global.o
                0x0000000020000008                mode
 .data.CYCLE    0x000000002000000c        0x4 ./Core/Src/global.o
                0x000000002000000c                CYCLE
 .data.redDuration
                0x0000000020000010        0x4 ./Core/Src/global.o
                0x0000000020000010                redDuration
 .data.yellowDuration
                0x0000000020000014        0x4 ./Core/Src/global.o
                0x0000000020000014                yellowDuration
 .data.greenDuration
                0x0000000020000018        0x4 ./Core/Src/global.o
                0x0000000020000018                greenDuration
 .data.counter1
                0x000000002000001c        0x4 ./Core/Src/global.o
                0x000000002000001c                counter1
 .data.counter2
                0x0000000020000020        0x4 ./Core/Src/global.o
                0x0000000020000020                counter2
 .data.tmp      0x0000000020000024        0x4 ./Core/Src/global.o
                0x0000000020000024                tmp
 .data.SystemCoreClock
                0x0000000020000028        0x4 ./Core/Src/system_stm32f1xx.o
                0x0000000020000028                SystemCoreClock
 .data.uwTickPrio
                0x000000002000002c        0x4 ./Drivers/STM32F1xx_HAL_Driver/Src/stm32f1xx_hal.o
                0x000000002000002c                uwTickPrio
 .data.uwTickFreq
                0x0000000020000030        0x1 ./Drivers/STM32F1xx_HAL_Driver/Src/stm32f1xx_hal.o
                0x0000000020000030                uwTickFreq
 *(.RamFunc)
 *(.RamFunc*)
                0x0000000020000034                . = ALIGN (0x4)
 *fill*         0x0000000020000031        0x3 
                0x0000000020000034                _edata = .

.igot.plt       0x0000000020000034        0x0 load address 0x00000000080031f8
 .igot.plt      0x0000000020000034        0x0 d:/stm32cubeide_1.7.0/stm32cubeide/plugins/com.st.stm32cube.ide.mcu.externaltools.gnu-tools-for-stm32.9-2020-q2-update.win32_2.0.0.202105311346/tools/bin/../lib/gcc/arm-none-eabi/9.3.1/thumb/v7-m/nofp/crtbegin.o
                0x0000000020000034                . = ALIGN (0x4)

.bss            0x0000000020000034       0xb0 load address 0x00000000080031f8
                0x0000000020000034                _sbss = .
                0x0000000020000034                __bss_start__ = _sbss
 *(.bss)
 .bss           0x0000000020000034       0x1c d:/stm32cubeide_1.7.0/stm32cubeide/plugins/com.st.stm32cube.ide.mcu.externaltools.gnu-tools-for-stm32.9-2020-q2-update.win32_2.0.0.202105311346/tools/bin/../lib/gcc/arm-none-eabi/9.3.1/thumb/v7-m/nofp/crtbegin.o
 *(.bss*)
 .bss.buttonBuffer
                0x0000000020000050        0x3 ./Core/Src/input_reading.o
 *fill*         0x0000000020000053        0x1 
 .bss.debounceButtonBuffer1
                0x0000000020000054        0x3 ./Core/Src/input_reading.o
 *fill*         0x0000000020000057        0x1 
 .bss.debounceButtonBuffer2
                0x0000000020000058        0x3 ./Core/Src/input_reading.o
 *fill*         0x000000002000005b        0x1 
 .bss.debounceButtonBuffer3
                0x000000002000005c        0x3 ./Core/Src/input_reading.o
 *fill*         0x000000002000005f        0x1 
 .bss.flagForButtonPress1s
                0x0000000020000060        0x3 ./Core/Src/input_reading.o
 *fill*         0x0000000020000063        0x1 
 .bss.counterForButtonPress1s
                0x0000000020000064        0x6 ./Core/Src/input_reading.o
 *fill*         0x000000002000006a        0x2 
 .bss.timer0_flag
                0x000000002000006c        0x4 ./Core/Src/software_timer.o
                0x000000002000006c                timer0_flag
 .bss.timer0_count
                0x0000000020000070        0x4 ./Core/Src/software_timer.o
                0x0000000020000070                timer0_count
 .bss.timer1_flag
                0x0000000020000074        0x4 ./Core/Src/software_timer.o
                0x0000000020000074                timer1_flag
 .bss.timer1_count
                0x0000000020000078        0x4 ./Core/Src/software_timer.o
                0x0000000020000078                timer1_count
 .bss.timer2_flag
                0x000000002000007c        0x4 ./Core/Src/software_timer.o
                0x000000002000007c                timer2_flag
 .bss.timer2_count
                0x0000000020000080        0x4 ./Core/Src/software_timer.o
                0x0000000020000080                timer2_count
 .bss.timer3_flag
                0x0000000020000084        0x4 ./Core/Src/software_timer.o
                0x0000000020000084                timer3_flag
 .bss.timer3_count
                0x0000000020000088        0x4 ./Core/Src/software_timer.o
                0x0000000020000088                timer3_count
 *(COMMON)
 COMMON         0x000000002000008c        0xc ./Core/Src/input_reading.o
                0x000000002000008c                button_flag
 COMMON         0x0000000020000098       0x48 ./Core/Src/main.o
                0x0000000020000098                htim2
 COMMON         0x00000000200000e0        0x4 ./Drivers/STM32F1xx_HAL_Driver/Src/stm32f1xx_hal.o
                0x00000000200000e0                uwTick
                0x00000000200000e4                . = ALIGN (0x4)
                0x00000000200000e4                _ebss = .
                0x00000000200000e4                __bss_end__ = _ebss

._user_heap_stack
                0x00000000200000e4      0x604 load address 0x00000000080031f8
                0x00000000200000e8                . = ALIGN (0x8)
 *fill*         0x00000000200000e4        0x4 
                [!provide]                        PROVIDE (end = .)
                0x00000000200000e8                PROVIDE (_end = .)
                0x00000000200002e8                . = (. + _Min_Heap_Size)
 *fill*         0x00000000200000e8      0x200 
                0x00000000200006e8                . = (. + _Min_Stack_Size)
 *fill*         0x00000000200002e8      0x400 
                0x00000000200006e8                . = ALIGN (0x8)

/DISCARD/
 libc.a(*)
 libm.a(*)
 libgcc.a(*)

.ARM.attributes
                0x0000000000000000       0x29
 *(.ARM.attributes)
 .ARM.attributes
                0x0000000000000000       0x1d d:/stm32cubeide_1.7.0/stm32cubeide/plugins/com.st.stm32cube.ide.mcu.externaltools.gnu-tools-for-stm32.9-2020-q2-update.win32_2.0.0.202105311346/tools/bin/../lib/gcc/arm-none-eabi/9.3.1/thumb/v7-m/nofp/crti.o
 .ARM.attributes
                0x000000000000001d       0x2d d:/stm32cubeide_1.7.0/stm32cubeide/plugins/com.st.stm32cube.ide.mcu.externaltools.gnu-tools-for-stm32.9-2020-q2-update.win32_2.0.0.202105311346/tools/bin/../lib/gcc/arm-none-eabi/9.3.1/thumb/v7-m/nofp/crtbegin.o
 .ARM.attributes
                0x000000000000004a       0x2d ./Core/Src/display7SEG.o
 .ARM.attributes
                0x0000000000000077       0x2d ./Core/Src/fsm_7SEG.o
 .ARM.attributes
                0x00000000000000a4       0x2d ./Core/Src/fsm_automatic.o
 .ARM.attributes
                0x00000000000000d1       0x33 ./Core/Src/global.o
 .ARM.attributes
                0x0000000000000104       0x2d ./Core/Src/input_reading.o
 .ARM.attributes
                0x0000000000000131       0x2d ./Core/Src/main.o
 .ARM.attributes
                0x000000000000015e       0x2d ./Core/Src/mode.o
 .ARM.attributes
                0x000000000000018b       0x2d ./Core/Src/software_timer.o
 .ARM.attributes
                0x00000000000001b8       0x2d ./Core/Src/stm32f1xx_hal_msp.o
 .ARM.attributes
                0x00000000000001e5       0x2d ./Core/Src/stm32f1xx_it.o
 .ARM.attributes
                0x0000000000000212       0x2d ./Core/Src/system_stm32f1xx.o
 .ARM.attributes
                0x000000000000023f       0x2d ./Core/Src/traffic.o
 .ARM.attributes
                0x000000000000026c       0x21 ./Core/Startup/startup_stm32f103c6ux.o
 .ARM.attributes
                0x000000000000028d       0x2d ./Drivers/STM32F1xx_HAL_Driver/Src/stm32f1xx_hal.o
 .ARM.attributes
                0x00000000000002ba       0x2d ./Drivers/STM32F1xx_HAL_Driver/Src/stm32f1xx_hal_cortex.o
 .ARM.attributes
                0x00000000000002e7       0x2d ./Drivers/STM32F1xx_HAL_Driver/Src/stm32f1xx_hal_gpio.o
 .ARM.attributes
                0x0000000000000314       0x2d ./Drivers/STM32F1xx_HAL_Driver/Src/stm32f1xx_hal_rcc.o
 .ARM.attributes
                0x0000000000000341       0x2d ./Drivers/STM32F1xx_HAL_Driver/Src/stm32f1xx_hal_tim.o
 .ARM.attributes
                0x000000000000036e       0x2d ./Drivers/STM32F1xx_HAL_Driver/Src/stm32f1xx_hal_tim_ex.o
 .ARM.attributes
                0x000000000000039b       0x2d d:/stm32cubeide_1.7.0/stm32cubeide/plugins/com.st.stm32cube.ide.mcu.externaltools.gnu-tools-for-stm32.9-2020-q2-update.win32_2.0.0.202105311346/tools/bin/../lib/gcc/arm-none-eabi/9.3.1/../../../../arm-none-eabi/lib/thumb/v7-m/nofp\libc_nano.a(lib_a-init.o)
 .ARM.attributes
                0x00000000000003c8       0x2d d:/stm32cubeide_1.7.0/stm32cubeide/plugins/com.st.stm32cube.ide.mcu.externaltools.gnu-tools-for-stm32.9-2020-q2-update.win32_2.0.0.202105311346/tools/bin/../lib/gcc/arm-none-eabi/9.3.1/../../../../arm-none-eabi/lib/thumb/v7-m/nofp\libc_nano.a(lib_a-memset.o)
 .ARM.attributes
                0x00000000000003f5       0x1d d:/stm32cubeide_1.7.0/stm32cubeide/plugins/com.st.stm32cube.ide.mcu.externaltools.gnu-tools-for-stm32.9-2020-q2-update.win32_2.0.0.202105311346/tools/bin/../lib/gcc/arm-none-eabi/9.3.1/thumb/v7-m/nofp\libgcc.a(_arm_addsubdf3.o)
 .ARM.attributes
                0x0000000000000412       0x1d d:/stm32cubeide_1.7.0/stm32cubeide/plugins/com.st.stm32cube.ide.mcu.externaltools.gnu-tools-for-stm32.9-2020-q2-update.win32_2.0.0.202105311346/tools/bin/../lib/gcc/arm-none-eabi/9.3.1/thumb/v7-m/nofp\libgcc.a(_arm_muldivdf3.o)
 .ARM.attributes
                0x000000000000042f       0x1d d:/stm32cubeide_1.7.0/stm32cubeide/plugins/com.st.stm32cube.ide.mcu.externaltools.gnu-tools-for-stm32.9-2020-q2-update.win32_2.0.0.202105311346/tools/bin/../lib/gcc/arm-none-eabi/9.3.1/thumb/v7-m/nofp\libgcc.a(_arm_fixdfsi.o)
 .ARM.attributes
                0x000000000000044c       0x1d d:/stm32cubeide_1.7.0/stm32cubeide/plugins/com.st.stm32cube.ide.mcu.externaltools.gnu-tools-for-stm32.9-2020-q2-update.win32_2.0.0.202105311346/tools/bin/../lib/gcc/arm-none-eabi/9.3.1/thumb/v7-m/nofp/crtn.o
OUTPUT(lab3_2010262.elf elf32-littlearm)
LOAD linker stubs
LOAD d:/stm32cubeide_1.7.0/stm32cubeide/plugins/com.st.stm32cube.ide.mcu.externaltools.gnu-tools-for-stm32.9-2020-q2-update.win32_2.0.0.202105311346/tools/bin/../lib/gcc/arm-none-eabi/9.3.1/../../../../arm-none-eabi/lib/thumb/v7-m/nofp\libc.a
LOAD d:/stm32cubeide_1.7.0/stm32cubeide/plugins/com.st.stm32cube.ide.mcu.externaltools.gnu-tools-for-stm32.9-2020-q2-update.win32_2.0.0.202105311346/tools/bin/../lib/gcc/arm-none-eabi/9.3.1/../../../../arm-none-eabi/lib/thumb/v7-m/nofp\libm.a
LOAD d:/stm32cubeide_1.7.0/stm32cubeide/plugins/com.st.stm32cube.ide.mcu.externaltools.gnu-tools-for-stm32.9-2020-q2-update.win32_2.0.0.202105311346/tools/bin/../lib/gcc/arm-none-eabi/9.3.1/thumb/v7-m/nofp\libgcc.a

.debug_info     0x0000000000000000     0x9cda
 .debug_info    0x0000000000000000      0x3b9 ./Core/Src/display7SEG.o
 .debug_info    0x00000000000003b9      0x263 ./Core/Src/fsm_7SEG.o
 .debug_info    0x000000000000061c      0x288 ./Core/Src/fsm_automatic.o
 .debug_info    0x00000000000008a4      0x292 ./Core/Src/global.o
 .debug_info    0x0000000000000b36      0x440 ./Core/Src/input_reading.o
 .debug_info    0x0000000000000f76      0xc2e ./Core/Src/main.o
 .debug_info    0x0000000000001ba4      0x473 ./Core/Src/mode.o
 .debug_info    0x0000000000002017      0x341 ./Core/Src/software_timer.o
 .debug_info    0x0000000000002358      0xa04 ./Core/Src/stm32f1xx_hal_msp.o
 .debug_info    0x0000000000002d5c      0x7b4 ./Core/Src/stm32f1xx_it.o
 .debug_info    0x0000000000003510      0x2be ./Core/Src/system_stm32f1xx.o
 .debug_info    0x00000000000037ce      0x337 ./Core/Src/traffic.o
 .debug_info    0x0000000000003b05       0x22 ./Core/Startup/startup_stm32f103c6ux.o
 .debug_info    0x0000000000003b27      0x74c ./Drivers/STM32F1xx_HAL_Driver/Src/stm32f1xx_hal.o
 .debug_info    0x0000000000004273      0xbbe ./Drivers/STM32F1xx_HAL_Driver/Src/stm32f1xx_hal_cortex.o
 .debug_info    0x0000000000004e31      0x701 ./Drivers/STM32F1xx_HAL_Driver/Src/stm32f1xx_hal_gpio.o
 .debug_info    0x0000000000005532      0x88e ./Drivers/STM32F1xx_HAL_Driver/Src/stm32f1xx_hal_rcc.o
 .debug_info    0x0000000000005dc0     0x2a45 ./Drivers/STM32F1xx_HAL_Driver/Src/stm32f1xx_hal_tim.o
 .debug_info    0x0000000000008805     0x14d5 ./Drivers/STM32F1xx_HAL_Driver/Src/stm32f1xx_hal_tim_ex.o

.debug_abbrev   0x0000000000000000     0x1e7a
 .debug_abbrev  0x0000000000000000      0x178 ./Core/Src/display7SEG.o
 .debug_abbrev  0x0000000000000178       0xf5 ./Core/Src/fsm_7SEG.o
 .debug_abbrev  0x000000000000026d      0x119 ./Core/Src/fsm_automatic.o
 .debug_abbrev  0x0000000000000386       0xbc ./Core/Src/global.o
 .debug_abbrev  0x0000000000000442      0x1a7 ./Core/Src/input_reading.o
 .debug_abbrev  0x00000000000005e9      0x25b ./Core/Src/main.o
 .debug_abbrev  0x0000000000000844      0x113 ./Core/Src/mode.o
 .debug_abbrev  0x0000000000000957      0x13f ./Core/Src/software_timer.o
 .debug_abbrev  0x0000000000000a96      0x1b7 ./Core/Src/stm32f1xx_hal_msp.o
 .debug_abbrev  0x0000000000000c4d      0x176 ./Core/Src/stm32f1xx_it.o
 .debug_abbrev  0x0000000000000dc3      0x14e ./Core/Src/system_stm32f1xx.o
 .debug_abbrev  0x0000000000000f11      0x138 ./Core/Src/traffic.o
 .debug_abbrev  0x0000000000001049       0x12 ./Core/Startup/startup_stm32f103c6ux.o
 .debug_abbrev  0x000000000000105b      0x1ed ./Drivers/STM32F1xx_HAL_Driver/Src/stm32f1xx_hal.o
 .debug_abbrev  0x0000000000001248      0x313 ./Drivers/STM32F1xx_HAL_Driver/Src/stm32f1xx_hal_cortex.o
 .debug_abbrev  0x000000000000155b      0x1e8 ./Drivers/STM32F1xx_HAL_Driver/Src/stm32f1xx_hal_gpio.o
 .debug_abbrev  0x0000000000001743      0x273 ./Drivers/STM32F1xx_HAL_Driver/Src/stm32f1xx_hal_rcc.o
 .debug_abbrev  0x00000000000019b6      0x25e ./Drivers/STM32F1xx_HAL_Driver/Src/stm32f1xx_hal_tim.o
 .debug_abbrev  0x0000000000001c14      0x266 ./Drivers/STM32F1xx_HAL_Driver/Src/stm32f1xx_hal_tim_ex.o

.debug_aranges  0x0000000000000000      0xa80
 .debug_aranges
                0x0000000000000000       0x28 ./Core/Src/display7SEG.o
 .debug_aranges
                0x0000000000000028       0x20 ./Core/Src/fsm_7SEG.o
 .debug_aranges
                0x0000000000000048       0x28 ./Core/Src/fsm_automatic.o
 .debug_aranges
                0x0000000000000070       0x18 ./Core/Src/global.o
 .debug_aranges
                0x0000000000000088       0x38 ./Core/Src/input_reading.o
 .debug_aranges
                0x00000000000000c0       0x48 ./Core/Src/main.o
 .debug_aranges
                0x0000000000000108       0x20 ./Core/Src/mode.o
 .debug_aranges
                0x0000000000000128       0x40 ./Core/Src/software_timer.o
 .debug_aranges
                0x0000000000000168       0x30 ./Core/Src/stm32f1xx_hal_msp.o
 .debug_aranges
                0x0000000000000198       0x68 ./Core/Src/stm32f1xx_it.o
 .debug_aranges
                0x0000000000000200       0x28 ./Core/Src/system_stm32f1xx.o
 .debug_aranges
                0x0000000000000228       0x30 ./Core/Src/traffic.o
 .debug_aranges
                0x0000000000000258       0x28 ./Core/Startup/startup_stm32f103c6ux.o
 .debug_aranges
                0x0000000000000280       0xe0 ./Drivers/STM32F1xx_HAL_Driver/Src/stm32f1xx_hal.o
 .debug_aranges
                0x0000000000000360      0x100 ./Drivers/STM32F1xx_HAL_Driver/Src/stm32f1xx_hal_cortex.o
 .debug_aranges
                0x0000000000000460       0x58 ./Drivers/STM32F1xx_HAL_Driver/Src/stm32f1xx_hal_gpio.o
 .debug_aranges
                0x00000000000004b8       0x90 ./Drivers/STM32F1xx_HAL_Driver/Src/stm32f1xx_hal_rcc.o
 .debug_aranges
                0x0000000000000548      0x3d0 ./Drivers/STM32F1xx_HAL_Driver/Src/stm32f1xx_hal_tim.o
 .debug_aranges
                0x0000000000000918      0x168 ./Drivers/STM32F1xx_HAL_Driver/Src/stm32f1xx_hal_tim_ex.o

.debug_ranges   0x0000000000000000      0x968
 .debug_ranges  0x0000000000000000       0x18 ./Core/Src/display7SEG.o
 .debug_ranges  0x0000000000000018       0x10 ./Core/Src/fsm_7SEG.o
 .debug_ranges  0x0000000000000028       0x18 ./Core/Src/fsm_automatic.o
 .debug_ranges  0x0000000000000040       0x28 ./Core/Src/input_reading.o
 .debug_ranges  0x0000000000000068       0x38 ./Core/Src/main.o
 .debug_ranges  0x00000000000000a0       0x28 ./Core/Src/mode.o
 .debug_ranges  0x00000000000000c8       0x30 ./Core/Src/software_timer.o
 .debug_ranges  0x00000000000000f8       0x20 ./Core/Src/stm32f1xx_hal_msp.o
 .debug_ranges  0x0000000000000118       0x58 ./Core/Src/stm32f1xx_it.o
 .debug_ranges  0x0000000000000170       0x18 ./Core/Src/system_stm32f1xx.o
 .debug_ranges  0x0000000000000188       0x20 ./Core/Src/traffic.o
 .debug_ranges  0x00000000000001a8       0x20 ./Core/Startup/startup_stm32f103c6ux.o
 .debug_ranges  0x00000000000001c8       0xd0 ./Drivers/STM32F1xx_HAL_Driver/Src/stm32f1xx_hal.o
 .debug_ranges  0x0000000000000298       0xf0 ./Drivers/STM32F1xx_HAL_Driver/Src/stm32f1xx_hal_cortex.o
 .debug_ranges  0x0000000000000388       0x48 ./Drivers/STM32F1xx_HAL_Driver/Src/stm32f1xx_hal_gpio.o
 .debug_ranges  0x00000000000003d0       0x80 ./Drivers/STM32F1xx_HAL_Driver/Src/stm32f1xx_hal_rcc.o
 .debug_ranges  0x0000000000000450      0x3c0 ./Drivers/STM32F1xx_HAL_Driver/Src/stm32f1xx_hal_tim.o
 .debug_ranges  0x0000000000000810      0x158 ./Drivers/STM32F1xx_HAL_Driver/Src/stm32f1xx_hal_tim_ex.o

.debug_macro    0x0000000000000000    0x1729d
 .debug_macro   0x0000000000000000      0x1d8 ./Core/Src/display7SEG.o
 .debug_macro   0x00000000000001d8      0xa9c ./Core/Src/display7SEG.o
 .debug_macro   0x0000000000000c74      0x215 ./Core/Src/display7SEG.o
 .debug_macro   0x0000000000000e89       0x2e ./Core/Src/display7SEG.o
 .debug_macro   0x0000000000000eb7       0x22 ./Core/Src/display7SEG.o
 .debug_macro   0x0000000000000ed9       0x22 ./Core/Src/display7SEG.o
 .debug_macro   0x0000000000000efb       0x8e ./Core/Src/display7SEG.o
 .debug_macro   0x0000000000000f89       0x51 ./Core/Src/display7SEG.o
 .debug_macro   0x0000000000000fda      0x103 ./Core/Src/display7SEG.o
 .debug_macro   0x00000000000010dd       0x6a ./Core/Src/display7SEG.o
 .debug_macro   0x0000000000001147      0x1df ./Core/Src/display7SEG.o
 .debug_macro   0x0000000000001326       0x1c ./Core/Src/display7SEG.o
 .debug_macro   0x0000000000001342       0x22 ./Core/Src/display7SEG.o
 .debug_macro   0x0000000000001364       0xc3 ./Core/Src/display7SEG.o
 .debug_macro   0x0000000000001427      0xd23 ./Core/Src/display7SEG.o
 .debug_macro   0x000000000000214a     0xde75 ./Core/Src/display7SEG.o
 .debug_macro   0x000000000000ffbf       0x6d ./Core/Src/display7SEG.o
 .debug_macro   0x000000000001002c     0x3468 ./Core/Src/display7SEG.o
 .debug_macro   0x0000000000013494      0x174 ./Core/Src/display7SEG.o
 .debug_macro   0x0000000000013608       0x5c ./Core/Src/display7SEG.o
 .debug_macro   0x0000000000013664      0x5be ./Core/Src/display7SEG.o
 .debug_macro   0x0000000000013c22      0x1b7 ./Core/Src/display7SEG.o
 .debug_macro   0x0000000000013dd9      0x1cb ./Core/Src/display7SEG.o
 .debug_macro   0x0000000000013fa4      0x114 ./Core/Src/display7SEG.o
 .debug_macro   0x00000000000140b8      0x1b2 ./Core/Src/display7SEG.o
 .debug_macro   0x000000000001426a       0x27 ./Core/Src/display7SEG.o
 .debug_macro   0x0000000000014291      0x12f ./Core/Src/display7SEG.o
 .debug_macro   0x00000000000143c0      0x1bc ./Core/Src/display7SEG.o
 .debug_macro   0x000000000001457c       0x34 ./Core/Src/display7SEG.o
 .debug_macro   0x00000000000145b0       0x3c ./Core/Src/display7SEG.o
 .debug_macro   0x00000000000145ec       0x57 ./Core/Src/display7SEG.o
 .debug_macro   0x0000000000014643       0x88 ./Core/Src/display7SEG.o
 .debug_macro   0x00000000000146cb      0x183 ./Core/Src/display7SEG.o
 .debug_macro   0x000000000001484e      0x141 ./Core/Src/display7SEG.o
 .debug_macro   0x000000000001498f      0x8d1 ./Core/Src/display7SEG.o
 .debug_macro   0x0000000000015260       0x69 ./Core/Src/display7SEG.o
 .debug_macro   0x00000000000152c9      0x154 ./Core/Src/display7SEG.o
 .debug_macro   0x000000000001541d       0x34 ./Core/Src/display7SEG.o
 .debug_macro   0x0000000000015451      0x1d8 ./Core/Src/fsm_7SEG.o
 .debug_macro   0x0000000000015629      0x1e2 ./Core/Src/fsm_automatic.o
 .debug_macro   0x000000000001580b      0x1ce ./Core/Src/global.o
 .debug_macro   0x00000000000159d9      0x1ea ./Core/Src/input_reading.o
 .debug_macro   0x0000000000015bc3      0x222 ./Core/Src/main.o
 .debug_macro   0x0000000000015de5      0x1ec ./Core/Src/mode.o
 .debug_macro   0x0000000000015fd1      0x1d2 ./Core/Src/software_timer.o
 .debug_macro   0x00000000000161a3      0x1a7 ./Core/Src/stm32f1xx_hal_msp.o
 .debug_macro   0x000000000001634a      0x1b1 ./Core/Src/stm32f1xx_it.o
 .debug_macro   0x00000000000164fb      0x198 ./Core/Src/system_stm32f1xx.o
 .debug_macro   0x0000000000016693      0x1d8 ./Core/Src/traffic.o
 .debug_macro   0x000000000001686b      0x1bc ./Drivers/STM32F1xx_HAL_Driver/Src/stm32f1xx_hal.o
 .debug_macro   0x0000000000016a27      0x198 ./Drivers/STM32F1xx_HAL_Driver/Src/stm32f1xx_hal_cortex.o
 .debug_macro   0x0000000000016bbf      0x203 ./Drivers/STM32F1xx_HAL_Driver/Src/stm32f1xx_hal_gpio.o
 .debug_macro   0x0000000000016dc2      0x1aa ./Drivers/STM32F1xx_HAL_Driver/Src/stm32f1xx_hal_rcc.o
 .debug_macro   0x0000000000016f6c      0x199 ./Drivers/STM32F1xx_HAL_Driver/Src/stm32f1xx_hal_tim.o
 .debug_macro   0x0000000000017105      0x198 ./Drivers/STM32F1xx_HAL_Driver/Src/stm32f1xx_hal_tim_ex.o

.debug_line     0x0000000000000000     0xcd11
 .debug_line    0x0000000000000000      0x730 ./Core/Src/display7SEG.o
 .debug_line    0x0000000000000730      0x6ae ./Core/Src/fsm_7SEG.o
 .debug_line    0x0000000000000dde      0x811 ./Core/Src/fsm_automatic.o
 .debug_line    0x00000000000015ef      0x668 ./Core/Src/global.o
 .debug_line    0x0000000000001c57      0x7bd ./Core/Src/input_reading.o
 .debug_line    0x0000000000002414      0x825 ./Core/Src/main.o
 .debug_line    0x0000000000002c39      0x896 ./Core/Src/mode.o
 .debug_line    0x00000000000034cf      0x750 ./Core/Src/software_timer.o
 .debug_line    0x0000000000003c1f      0x695 ./Core/Src/stm32f1xx_hal_msp.o
 .debug_line    0x00000000000042b4      0x733 ./Core/Src/stm32f1xx_it.o
 .debug_line    0x00000000000049e7      0x6d7 ./Core/Src/system_stm32f1xx.o
 .debug_line    0x00000000000050be      0x6e9 ./Core/Src/traffic.o
 .debug_line    0x00000000000057a7       0x87 ./Core/Startup/startup_stm32f103c6ux.o
 .debug_line    0x000000000000582e      0x904 ./Drivers/STM32F1xx_HAL_Driver/Src/stm32f1xx_hal.o
 .debug_line    0x0000000000006132      0xaec ./Drivers/STM32F1xx_HAL_Driver/Src/stm32f1xx_hal_cortex.o
 .debug_line    0x0000000000006c1e      0x985 ./Drivers/STM32F1xx_HAL_Driver/Src/stm32f1xx_hal_gpio.o
 .debug_line    0x00000000000075a3      0xd12 ./Drivers/STM32F1xx_HAL_Driver/Src/stm32f1xx_hal_rcc.o
 .debug_line    0x00000000000082b5     0x3262 ./Drivers/STM32F1xx_HAL_Driver/Src/stm32f1xx_hal_tim.o
 .debug_line    0x000000000000b517     0x17fa ./Drivers/STM32F1xx_HAL_Driver/Src/stm32f1xx_hal_tim_ex.o

.debug_str      0x0000000000000000    0x823a2
 .debug_str     0x0000000000000000    0x7f788 ./Core/Src/display7SEG.o
                                      0x7fb15 (size before relaxing)
 .debug_str     0x000000000007f788       0x31 ./Core/Src/fsm_7SEG.o
                                      0x7fa80 (size before relaxing)
 .debug_str     0x000000000007f7b9       0x79 ./Core/Src/fsm_automatic.o
                                      0x7fab9 (size before relaxing)
 .debug_str     0x000000000007f832       0x15 ./Core/Src/global.o
                                      0x7fa55 (size before relaxing)
 .debug_str     0x000000000007f847      0x160 ./Core/Src/input_reading.o
                                      0x7fbf9 (size before relaxing)
 .debug_str     0x000000000007f9a7      0x705 ./Core/Src/main.o
                                      0x80287 (size before relaxing)
 .debug_str     0x00000000000800ac       0x26 ./Core/Src/mode.o
                                      0x7fac7 (size before relaxing)
 .debug_str     0x00000000000800d2       0x8b ./Core/Src/software_timer.o
                                      0x7facb (size before relaxing)
 .debug_str     0x000000000008015d      0x2ba ./Core/Src/stm32f1xx_hal_msp.o
                                      0x8014d (size before relaxing)
 .debug_str     0x0000000000080417       0xcd ./Core/Src/stm32f1xx_it.o
                                      0x7feaf (size before relaxing)
 .debug_str     0x00000000000804e4       0x52 ./Core/Src/system_stm32f1xx.o
                                      0x7f50a (size before relaxing)
 .debug_str     0x0000000000080536       0x1c ./Core/Src/traffic.o
                                      0x7facf (size before relaxing)
 .debug_str     0x0000000000080552       0x36 ./Core/Startup/startup_stm32f103c6ux.o
                                         0x75 (size before relaxing)
 .debug_str     0x0000000000080588      0x304 ./Drivers/STM32F1xx_HAL_Driver/Src/stm32f1xx_hal.o
                                      0x7fb61 (size before relaxing)
 .debug_str     0x000000000008088c      0x300 ./Drivers/STM32F1xx_HAL_Driver/Src/stm32f1xx_hal_cortex.o
                                      0x7fb69 (size before relaxing)
 .debug_str     0x0000000000080b8c      0x30b ./Drivers/STM32F1xx_HAL_Driver/Src/stm32f1xx_hal_gpio.o
                                      0x7f8ce (size before relaxing)
 .debug_str     0x0000000000080e97      0x24f ./Drivers/STM32F1xx_HAL_Driver/Src/stm32f1xx_hal_rcc.o
                                      0x7f907 (size before relaxing)
 .debug_str     0x00000000000810e6      0xdce ./Drivers/STM32F1xx_HAL_Driver/Src/stm32f1xx_hal_tim.o
                                      0x808d9 (size before relaxing)
 .debug_str     0x0000000000081eb4      0x4ee ./Drivers/STM32F1xx_HAL_Driver/Src/stm32f1xx_hal_tim_ex.o
                                      0x8008a (size before relaxing)

.comment        0x0000000000000000       0x53
 .comment       0x0000000000000000       0x53 ./Core/Src/display7SEG.o
                                         0x54 (size before relaxing)
 .comment       0x0000000000000053       0x54 ./Core/Src/fsm_7SEG.o
 .comment       0x0000000000000053       0x54 ./Core/Src/fsm_automatic.o
 .comment       0x0000000000000053       0x54 ./Core/Src/global.o
 .comment       0x0000000000000053       0x54 ./Core/Src/input_reading.o
 .comment       0x0000000000000053       0x54 ./Core/Src/main.o
 .comment       0x0000000000000053       0x54 ./Core/Src/mode.o
 .comment       0x0000000000000053       0x54 ./Core/Src/software_timer.o
 .comment       0x0000000000000053       0x54 ./Core/Src/stm32f1xx_hal_msp.o
 .comment       0x0000000000000053       0x54 ./Core/Src/stm32f1xx_it.o
 .comment       0x0000000000000053       0x54 ./Core/Src/system_stm32f1xx.o
 .comment       0x0000000000000053       0x54 ./Core/Src/traffic.o
 .comment       0x0000000000000053       0x54 ./Drivers/STM32F1xx_HAL_Driver/Src/stm32f1xx_hal.o
 .comment       0x0000000000000053       0x54 ./Drivers/STM32F1xx_HAL_Driver/Src/stm32f1xx_hal_cortex.o
 .comment       0x0000000000000053       0x54 ./Drivers/STM32F1xx_HAL_Driver/Src/stm32f1xx_hal_gpio.o
 .comment       0x0000000000000053       0x54 ./Drivers/STM32F1xx_HAL_Driver/Src/stm32f1xx_hal_rcc.o
 .comment       0x0000000000000053       0x54 ./Drivers/STM32F1xx_HAL_Driver/Src/stm32f1xx_hal_tim.o
 .comment       0x0000000000000053       0x54 ./Drivers/STM32F1xx_HAL_Driver/Src/stm32f1xx_hal_tim_ex.o

.debug_frame    0x0000000000000000     0x29e8
 .debug_frame   0x0000000000000000       0x5c ./Core/Src/display7SEG.o
 .debug_frame   0x000000000000005c       0x2c ./Core/Src/fsm_7SEG.o
 .debug_frame   0x0000000000000088       0x48 ./Core/Src/fsm_automatic.o
 .debug_frame   0x00000000000000d0       0xb0 ./Core/Src/input_reading.o
 .debug_frame   0x0000000000000180       0xd8 ./Core/Src/main.o
 .debug_frame   0x0000000000000258       0x2c ./Core/Src/mode.o
 .debug_frame   0x0000000000000284       0xd0 ./Core/Src/software_timer.o
 .debug_frame   0x0000000000000354       0x80 ./Core/Src/stm32f1xx_hal_msp.o
 .debug_frame   0x00000000000003d4      0x120 ./Core/Src/stm32f1xx_it.o
 .debug_frame   0x00000000000004f4       0x58 ./Core/Src/system_stm32f1xx.o
 .debug_frame   0x000000000000054c       0x7c ./Core/Src/traffic.o
 .debug_frame   0x00000000000005c8      0x334 ./Drivers/STM32F1xx_HAL_Driver/Src/stm32f1xx_hal.o
 .debug_frame   0x00000000000008fc      0x428 ./Drivers/STM32F1xx_HAL_Driver/Src/stm32f1xx_hal_cortex.o
 .debug_frame   0x0000000000000d24      0x14c ./Drivers/STM32F1xx_HAL_Driver/Src/stm32f1xx_hal_gpio.o
 .debug_frame   0x0000000000000e70      0x21c ./Drivers/STM32F1xx_HAL_Driver/Src/stm32f1xx_hal_rcc.o
 .debug_frame   0x000000000000108c     0x11b8 ./Drivers/STM32F1xx_HAL_Driver/Src/stm32f1xx_hal_tim.o
 .debug_frame   0x0000000000002244      0x638 ./Drivers/STM32F1xx_HAL_Driver/Src/stm32f1xx_hal_tim_ex.o
 .debug_frame   0x000000000000287c       0x2c d:/stm32cubeide_1.7.0/stm32cubeide/plugins/com.st.stm32cube.ide.mcu.externaltools.gnu-tools-for-stm32.9-2020-q2-update.win32_2.0.0.202105311346/tools/bin/../lib/gcc/arm-none-eabi/9.3.1/../../../../arm-none-eabi/lib/thumb/v7-m/nofp\libc_nano.a(lib_a-init.o)
 .debug_frame   0x00000000000028a8       0x20 d:/stm32cubeide_1.7.0/stm32cubeide/plugins/com.st.stm32cube.ide.mcu.externaltools.gnu-tools-for-stm32.9-2020-q2-update.win32_2.0.0.202105311346/tools/bin/../lib/gcc/arm-none-eabi/9.3.1/../../../../arm-none-eabi/lib/thumb/v7-m/nofp\libc_nano.a(lib_a-memset.o)
 .debug_frame   0x00000000000028c8       0xac d:/stm32cubeide_1.7.0/stm32cubeide/plugins/com.st.stm32cube.ide.mcu.externaltools.gnu-tools-for-stm32.9-2020-q2-update.win32_2.0.0.202105311346/tools/bin/../lib/gcc/arm-none-eabi/9.3.1/thumb/v7-m/nofp\libgcc.a(_arm_addsubdf3.o)
 .debug_frame   0x0000000000002974       0x50 d:/stm32cubeide_1.7.0/stm32cubeide/plugins/com.st.stm32cube.ide.mcu.externaltools.gnu-tools-for-stm32.9-2020-q2-update.win32_2.0.0.202105311346/tools/bin/../lib/gcc/arm-none-eabi/9.3.1/thumb/v7-m/nofp\libgcc.a(_arm_muldivdf3.o)
 .debug_frame   0x00000000000029c4       0x24 d:/stm32cubeide_1.7.0/stm32cubeide/plugins/com.st.stm32cube.ide.mcu.externaltools.gnu-tools-for-stm32.9-2020-q2-update.win32_2.0.0.202105311346/tools/bin/../lib/gcc/arm-none-eabi/9.3.1/thumb/v7-m/nofp\libgcc.a(_arm_fixdfsi.o)
